mode: set
github.com/soroush1384akhavan/url-shortener/internal/link/normalization.go:23.2,24.16 2 1
github.com/soroush1384akhavan/url-shortener/internal/link/normalization.go:25.3,26.1 1 1
github.com/soroush1384akhavan/url-shortener/internal/link/normalization.go:27.2,27.26 1 1
github.com/soroush1384akhavan/url-shortener/internal/link/normalization.go:28.3,29.1 1 1
github.com/soroush1384akhavan/url-shortener/internal/link/normalization.go:30.2,30.24 1 1
github.com/soroush1384akhavan/url-shortener/internal/link/normalization.go:34.2,35.1 1 1
github.com/soroush1384akhavan/url-shortener/internal/link/normalization.go:38.2,39.1 1 1
github.com/soroush1384akhavan/url-shortener/internal/link/normalization.go:42.2,43.1 2 1
github.com/soroush1384akhavan/url-shortener/internal/link/normalization.go:44.2,45.42 2 1
github.com/soroush1384akhavan/url-shortener/internal/link/normalization.go:46.3,47.1 1 1
github.com/soroush1384akhavan/url-shortener/internal/link/normalization.go:51.2,51.18 1 1
github.com/soroush1384akhavan/url-shortener/internal/link/normalization.go:52.3,53.1 1 1
github.com/soroush1384akhavan/url-shortener/internal/link/normalization.go:57.2,57.18 1 1
github.com/soroush1384akhavan/url-shortener/internal/link/normalization.go:58.3,59.1 1 1
github.com/soroush1384akhavan/url-shortener/internal/link/normalization.go:61.2,63.19 3 1
github.com/soroush1384akhavan/url-shortener/internal/link/normalization.go:64.3,65.1 1 1
github.com/soroush1384akhavan/url-shortener/internal/link/normalization.go:66.2,66.16 1 1
github.com/soroush1384akhavan/url-shortener/internal/link/normalization.go:71.2,71.33 1 1
github.com/soroush1384akhavan/url-shortener/internal/link/normalization.go:72.3,73.1 1 1
github.com/soroush1384akhavan/url-shortener/internal/link/normalization.go:74.2,74.13 1 1
github.com/soroush1384akhavan/url-shortener/internal/link/normalization.go:78.2,80.1 2 1
github.com/soroush1384akhavan/url-shortener/internal/link/normalization.go:83.2,84.1 1 1
github.com/soroush1384akhavan/url-shortener/internal/link/service.go:27.2,31.1 1 1
github.com/soroush1384akhavan/url-shortener/internal/link/service.go:36.2,36.53 1 1
github.com/soroush1384akhavan/url-shortener/internal/link/service.go:37.3,38.1 1 1
github.com/soroush1384akhavan/url-shortener/internal/link/service.go:41.2,42.16 2 1
github.com/soroush1384akhavan/url-shortener/internal/link/service.go:43.3,44.1 1 1
github.com/soroush1384akhavan/url-shortener/internal/link/service.go:47.2,47.53 1 1
github.com/soroush1384akhavan/url-shortener/internal/link/service.go:48.3,49.1 1 1
github.com/soroush1384akhavan/url-shortener/internal/link/service.go:52.2,52.35 1 1
github.com/soroush1384akhavan/url-shortener/internal/link/service.go:53.3,54.17 2 1
github.com/soroush1384akhavan/url-shortener/internal/link/service.go:55.4,56.1 1 1
github.com/soroush1384akhavan/url-shortener/internal/link/service.go:58.3,59.46 2 1
github.com/soroush1384akhavan/url-shortener/internal/link/service.go:60.4,60.12 1 1
github.com/soroush1384akhavan/url-shortener/internal/link/service.go:63.3,63.18 1 1
github.com/soroush1384akhavan/url-shortener/internal/link/service.go:66.2,66.40 1 1
github.com/soroush1384akhavan/url-shortener/internal/link/service.go:71.2,72.1 2 1
github.com/soroush1384akhavan/url-shortener/internal/link/service.go:73.2,73.12 2 1
github.com/soroush1384akhavan/url-shortener/internal/link/service.go:74.3,75.1 1 1
github.com/soroush1384akhavan/url-shortener/internal/link/service.go:77.2,77.25 1 1
github.com/soroush1384akhavan/url-shortener/internal/link/validate.go:23.2,24.1 2 1
github.com/soroush1384akhavan/url-shortener/internal/link/validate.go:25.2,25.18 2 1
github.com/soroush1384akhavan/url-shortener/internal/link/validate.go:26.3,27.1 1 1
github.com/soroush1384akhavan/url-shortener/internal/link/validate.go:28.2,28.32 1 1
github.com/soroush1384akhavan/url-shortener/internal/link/validate.go:29.3,30.1 1 1
github.com/soroush1384akhavan/url-shortener/internal/link/validate.go:32.2,33.16 2 1
github.com/soroush1384akhavan/url-shortener/internal/link/validate.go:34.3,35.1 1 1
github.com/soroush1384akhavan/url-shortener/internal/link/validate.go:37.2,38.29 2 1
github.com/soroush1384akhavan/url-shortener/internal/link/validate.go:39.3,40.1 1 1
github.com/soroush1384akhavan/url-shortener/internal/link/validate.go:41.2,41.24 1 1
github.com/soroush1384akhavan/url-shortener/internal/link/validate.go:42.3,43.1 1 1
github.com/soroush1384akhavan/url-shortener/internal/link/validate.go:45.2,45.12 1 1
github.com/soroush1384akhavan/url-shortener/cmd/server/main.go:44.2,46.1 11 0
github.com/soroush1384akhavan/url-shortener/cmd/server/main.go:47.2,48.1 11 0
github.com/soroush1384akhavan/url-shortener/cmd/server/main.go:49.2,52.1 11 0
github.com/soroush1384akhavan/url-shortener/cmd/server/main.go:53.2,54.1 11 0
github.com/soroush1384akhavan/url-shortener/cmd/server/main.go:55.2,56.1 11 0
github.com/soroush1384akhavan/url-shortener/cmd/server/main.go:57.2,58.1 11 0
github.com/soroush1384akhavan/url-shortener/cmd/server/main.go:59.2,60.1 11 0
github.com/soroush1384akhavan/url-shortener/cmd/server/main.go:61.2,61.59 11 0
github.com/soroush1384akhavan/url-shortener/cmd/server/main.go:62.3,63.1 1 0
github.com/soroush1384akhavan/url-shortener/internal/domain/short_link.go:15.2,19.1 1 0
github.com/soroush1384akhavan/url-shortener/docs/docs.go:125.2,126.1 1 0
github.com/soroush1384akhavan/url-shortener/internal/shortcode/generator.go:19.2,21.1 3 0
github.com/soroush1384akhavan/url-shortener/internal/shortcode/generator.go:22.2,22.24 3 0
github.com/soroush1384akhavan/url-shortener/internal/shortcode/generator.go:23.3,24.17 2 0
github.com/soroush1384akhavan/url-shortener/internal/shortcode/generator.go:25.4,26.1 1 0
github.com/soroush1384akhavan/url-shortener/internal/shortcode/generator.go:28.3,28.32 1 0
github.com/soroush1384akhavan/url-shortener/internal/shortcode/generator.go:31.2,31.28 1 0
github.com/soroush1384akhavan/url-shortener/internal/store/store.go:18.2,21.1 1 0
github.com/soroush1384akhavan/url-shortener/internal/store/store.go:25.2,28.1 4 0
github.com/soroush1384akhavan/url-shortener/internal/store/store.go:29.2,29.9 4 0
github.com/soroush1384akhavan/url-shortener/internal/store/store.go:30.3,31.1 1 0
github.com/soroush1384akhavan/url-shortener/internal/store/store.go:33.2,33.16 1 0
github.com/soroush1384akhavan/url-shortener/internal/store/store.go:37.2,40.1 4 0
github.com/soroush1384akhavan/url-shortener/internal/store/store.go:41.2,41.9 4 0
github.com/soroush1384akhavan/url-shortener/internal/store/store.go:42.3,43.1 1 0
github.com/soroush1384akhavan/url-shortener/internal/store/store.go:45.2,45.16 1 0
github.com/soroush1384akhavan/url-shortener/internal/store/store.go:49.2,51.1 3 0
github.com/soroush1384akhavan/url-shortener/internal/store/store.go:52.2,52.49 3 0
github.com/soroush1384akhavan/url-shortener/internal/store/store.go:53.3,54.1 1 0
github.com/soroush1384akhavan/url-shortener/internal/store/store.go:56.2,56.45 1 0
github.com/soroush1384akhavan/url-shortener/internal/store/store.go:57.3,58.1 1 0
github.com/soroush1384akhavan/url-shortener/internal/store/store.go:61.2,63.23 3 0
github.com/soroush1384akhavan/url-shortener/internal/store/store.go:68.2,70.1 5 0
github.com/soroush1384akhavan/url-shortener/internal/store/store.go:71.2,73.1 5 0
github.com/soroush1384akhavan/url-shortener/internal/store/store.go:74.2,75.1 5 0
github.com/soroush1384akhavan/url-shortener/internal/httpapi/handler.go:19.2,22.1 1 1
github.com/soroush1384akhavan/url-shortener/internal/httpapi/handler.go:44.2,44.33 1 1
github.com/soroush1384akhavan/url-shortener/internal/httpapi/handler.go:45.3,47.1 2 1
github.com/soroush1384akhavan/url-shortener/internal/httpapi/handler.go:49.2,50.1 3 1
github.com/soroush1384akhavan/url-shortener/internal/httpapi/handler.go:51.2,52.61 3 1
github.com/soroush1384akhavan/url-shortener/internal/httpapi/handler.go:53.3,54.30 2 1
github.com/soroush1384akhavan/url-shortener/internal/httpapi/handler.go:55.4,57.1 2 1
github.com/soroush1384akhavan/url-shortener/internal/httpapi/handler.go:58.3,59.9 2 1
github.com/soroush1384akhavan/url-shortener/internal/httpapi/handler.go:62.2,63.16 2 1
github.com/soroush1384akhavan/url-shortener/internal/httpapi/handler.go:64.3,64.41 1 1
github.com/soroush1384akhavan/url-shortener/internal/httpapi/handler.go:65.4,67.1 2 1
github.com/soroush1384akhavan/url-shortener/internal/httpapi/handler.go:68.3,70.9 3 1
github.com/soroush1384akhavan/url-shortener/internal/httpapi/handler.go:73.2,76.1 4 1
github.com/soroush1384akhavan/url-shortener/internal/httpapi/handler.go:78.2,80.60 4 1
github.com/soroush1384akhavan/url-shortener/internal/httpapi/handler.go:81.3,82.1 1 1
github.com/soroush1384akhavan/url-shortener/internal/httpapi/handler.go:94.2,94.32 1 1
github.com/soroush1384akhavan/url-shortener/internal/httpapi/handler.go:95.3,97.1 2 1
github.com/soroush1384akhavan/url-shortener/internal/httpapi/handler.go:99.2,100.1 2 1
github.com/soroush1384akhavan/url-shortener/internal/httpapi/handler.go:101.2,101.36 2 1
github.com/soroush1384akhavan/url-shortener/internal/httpapi/handler.go:102.3,104.1 2 1
github.com/soroush1384akhavan/url-shortener/internal/httpapi/handler.go:106.2,107.16 2 1
github.com/soroush1384akhavan/url-shortener/internal/httpapi/handler.go:108.3,108.39 1 1
github.com/soroush1384akhavan/url-shortener/internal/httpapi/handler.go:109.4,111.1 2 1
github.com/soroush1384akhavan/url-shortener/internal/httpapi/handler.go:113.3,115.9 3 1
github.com/soroush1384akhavan/url-shortener/internal/httpapi/handler.go:118.2,118.51 1 1
github.com/soroush1384akhavan/url-shortener/internal/httpapi/routes.go:9.2,10.1 5 1
github.com/soroush1384akhavan/url-shortener/internal/httpapi/routes.go:11.2,13.1 5 1
github.com/soroush1384akhavan/url-shortener/internal/httpapi/routes.go:15.2,16.1 5 1
github.com/soroush1384akhavan/url-shortener/internal/httpapi/routes.go:17.2,18.1 5 1
